PS5 Digital
B08B42QX93
Processing: http://www.amazon.de/dp/B08B42QX93
Derzeit nicht verfügbar.
säge
B01KWJMTIO
Processing: http://www.amazon.de/dp/B01KWJMTIO
Nur noch 17 auf Lager
